C:/Users/Administrator/Desktop/SmartFarm/prj_smartfarm_final (2)/Core/My_Lib/my_library.h:20:12:__io_putchar	16	static,ignoring_inline_asm
C:/Users/Administrator/Desktop/SmartFarm/prj_smartfarm_final (2)/Core/My_Lib/my_library.h:52:6:vprint	224	static
C:/Users/Administrator/Desktop/SmartFarm/prj_smartfarm_final (2)/Core/My_Lib/my_library.h:84:6:my_printf	28	static
C:/Users/Administrator/Desktop/SmartFarm/prj_smartfarm_final (2)/Core/My_Lib/my_library.h:122:6:delay	16	static
C:/Users/Administrator/Desktop/SmartFarm/prj_smartfarm_final (2)/Core/My_Lib/my_library.h:129:6:Set_Pin_Output	40	static
C:/Users/Administrator/Desktop/SmartFarm/prj_smartfarm_final (2)/Core/My_Lib/my_library.h:138:6:Set_Pin_Input	40	static
C:/Users/Administrator/Desktop/SmartFarm/prj_smartfarm_final (2)/Core/My_Lib/my_library.h:147:6:DHT11_Start	8	static
C:/Users/Administrator/Desktop/SmartFarm/prj_smartfarm_final (2)/Core/My_Lib/my_library.h:160:9:DHT11_Check_Response	16	static
C:/Users/Administrator/Desktop/SmartFarm/prj_smartfarm_final (2)/Core/My_Lib/my_library.h:183:9:DHT11_Read	16	static
C:/Users/Administrator/Desktop/SmartFarm/prj_smartfarm_final (2)/Core/My_Lib/my_library.h:215:9:DHT11_Sensor_Test	40	static
C:/Users/Administrator/Desktop/SmartFarm/prj_smartfarm_final (2)/Core/My_Lib/my_library.h:254:7:DHT11_Run_RH	8	static
C:/Users/Administrator/Desktop/SmartFarm/prj_smartfarm_final (2)/Core/My_Lib/my_library.h:259:7:DHT11_Run_TEMP	8	static
C:/Users/Administrator/Desktop/SmartFarm/prj_smartfarm_final (2)/Core/My_Lib/my_library.h:276:9:check_light	120	static
C:/Users/Administrator/Desktop/SmartFarm/prj_smartfarm_final (2)/Core/My_Lib/my_library.h:306:7:read_light	8	static
C:/Users/Administrator/Desktop/SmartFarm/prj_smartfarm_final (2)/Core/My_Lib/my_library.h:309:7:read_light_lux	8	static
C:/Users/Administrator/Desktop/SmartFarm/prj_smartfarm_final (2)/Core/My_Lib/my_library.h:327:7:get_co2_step	40	static
C:/Users/Administrator/Desktop/SmartFarm/prj_smartfarm_final (2)/Core/My_Lib/my_library.h:347:9:check_co2	40	static
C:/Users/Administrator/Desktop/SmartFarm/prj_smartfarm_final (2)/Core/My_Lib/my_library.h:371:7:read_co2	8	static
C:/Users/Administrator/Desktop/SmartFarm/prj_smartfarm_final (2)/Core/My_Lib/my_library.h:408:7:isWaterDetected1	16	static
C:/Users/Administrator/Desktop/SmartFarm/prj_smartfarm_final (2)/Core/My_Lib/my_library.h:414:7:isWaterDetected2	16	static
C:/Users/Administrator/Desktop/SmartFarm/prj_smartfarm_final (2)/Core/My_Lib/my_library.h:435:6:parse_fixed_csv	48	static
C:/Users/Administrator/Desktop/SmartFarm/prj_smartfarm_final (2)/Core/My_Lib/my_library.h:469:6:fan_on	8	static
C:/Users/Administrator/Desktop/SmartFarm/prj_smartfarm_final (2)/Core/My_Lib/my_library.h:475:6:fan_off	8	static
C:/Users/Administrator/Desktop/SmartFarm/prj_smartfarm_final (2)/Core/My_Lib/my_library.h:499:6:Water_P1_Start	8	static
C:/Users/Administrator/Desktop/SmartFarm/prj_smartfarm_final (2)/Core/My_Lib/my_library.h:503:6:Water_P2_Start	8	static
C:/Users/Administrator/Desktop/SmartFarm/prj_smartfarm_final (2)/Core/My_Lib/my_library.h:508:6:Water_P1_Stop	8	static
C:/Users/Administrator/Desktop/SmartFarm/prj_smartfarm_final (2)/Core/My_Lib/my_library.h:512:6:Water_P2_Stop	8	static
C:/Users/Administrator/Desktop/SmartFarm/prj_smartfarm_final (2)/Core/My_Lib/my_library.h:529:6:light_on	32	static
C:/Users/Administrator/Desktop/SmartFarm/prj_smartfarm_final (2)/Core/My_Lib/my_library.h:538:6:test_led_mode	16	static
C:/Users/Administrator/Desktop/SmartFarm/prj_smartfarm_final (2)/Core/My_Lib/my_library.h:551:10:map	16	static
C:/Users/Administrator/Desktop/SmartFarm/prj_smartfarm_final (2)/Core/My_Lib/my_library.h:576:6:process_commands	24	static
C:/Users/Administrator/Desktop/SmartFarm/prj_smartfarm_final (2)/Core/My_Lib/my_library.h:629:6:manual_process	24	static
C:/Users/Administrator/Desktop/SmartFarm/prj_smartfarm_final (2)/Core/My_Lib/my_library.h:704:6:Peltier_Cooling	8	static
C:/Users/Administrator/Desktop/SmartFarm/prj_smartfarm_final (2)/Core/My_Lib/my_library.h:715:6:Peltier_Heating	8	static
C:/Users/Administrator/Desktop/SmartFarm/prj_smartfarm_final (2)/Core/My_Lib/my_library.h:724:6:Peltier_Normal	8	static
C:/Users/Administrator/Desktop/SmartFarm/prj_smartfarm_final (2)/Core/My_Lib/my_library.h:781:6:door_open	8	static
C:/Users/Administrator/Desktop/SmartFarm/prj_smartfarm_final (2)/Core/My_Lib/my_library.h:788:6:door_close	8	static
C:/Users/Administrator/Desktop/SmartFarm/prj_smartfarm_final (2)/Core/My_Lib/my_library.h:796:6:door_stop	8	static
C:/Users/Administrator/Desktop/SmartFarm/prj_smartfarm_final (2)/Core/My_Lib/my_library.h:811:9:update_door_state	16	static
C:/Users/Administrator/Desktop/SmartFarm/prj_smartfarm_final (2)/Core/My_Lib/my_library.h:837:6:handle_door_action	16	static
../Core/Src/main.c:167:5:main	96	static
../Core/Src/main.c:330:6:SystemClock_Config	88	static
../Core/Src/main.c:376:13:MX_NVIC_Init	8	static
../Core/Src/main.c:384:6:HAL_UART_RxCpltCallback	24	static
../Core/Src/main.c:435:6:HAL_TIM_PeriodElapsedCallback	24	static
../Core/Src/main.c:516:6:Error_Handler	4	static,ignoring_inline_asm
